../Drivers/BMI08x-Sensor-API-master/bmi08a.c:751:8:bmi08a_init	24	static
../Drivers/BMI08x-Sensor-API-master/bmi08a.c:801:8:bmi08a_write_config_file	24	static
../Drivers/BMI08x-Sensor-API-master/bmi08a.c:898:8:bmi08a_write_feature_config	72	dynamic
../Drivers/BMI08x-Sensor-API-master/bmi08a.c:934:8:bmi08a_get_regs	32	static
../Drivers/BMI08x-Sensor-API-master/bmi08a.c:966:8:bmi08a_set_regs	32	static
../Drivers/BMI08x-Sensor-API-master/bmi08a.c:997:8:bmi08a_get_error_status	24	static
../Drivers/BMI08x-Sensor-API-master/bmi08a.c:1034:8:bmi08a_get_status	24	static
../Drivers/BMI08x-Sensor-API-master/bmi08a.c:1065:8:bmi08a_soft_reset	24	static
../Drivers/BMI08x-Sensor-API-master/bmi08a.c:1105:8:bmi08a_get_meas_conf	24	static
../Drivers/BMI08x-Sensor-API-master/bmi08a.c:1133:8:bmi08a_set_meas_conf	32	static
../Drivers/BMI08x-Sensor-API-master/bmi08a.c:1216:8:bmi08a_get_power_mode	24	static
../Drivers/BMI08x-Sensor-API-master/bmi08a.c:1242:8:bmi08a_set_power_mode	24	static
../Drivers/BMI08x-Sensor-API-master/bmi08a.c:1304:8:bmi08a_get_data	32	static
../Drivers/BMI08x-Sensor-API-master/bmi08a.c:1352:8:bmi08a_set_int_config	24	static
../Drivers/BMI08x-Sensor-API-master/bmi08a.c:1410:8:bmi08a_get_sensor_temperature	32	static
../Drivers/BMI08x-Sensor-API-master/bmi08a.c:1460:8:bmi08a_get_sensor_time	40	static
../Drivers/BMI08x-Sensor-API-master/bmi08a.c:1498:8:bmi08a_perform_selftest	32	static
../Drivers/BMI08x-Sensor-API-master/bmi08a.c:1549:8:bmi08a_set_fifo_config	24	static
../Drivers/BMI08x-Sensor-API-master/bmi08a.c:1594:8:bmi08a_get_fifo_config	24	static
../Drivers/BMI08x-Sensor-API-master/bmi08a.c:1634:8:bmi08a_read_fifo_data	24	static
../Drivers/BMI08x-Sensor-API-master/bmi08a.c:1683:8:bmi08a_get_fifo_length	24	static
../Drivers/BMI08x-Sensor-API-master/bmi08a.c:1717:8:bmi08a_get_fifo_wm	24	static
../Drivers/BMI08x-Sensor-API-master/bmi08a.c:1744:8:bmi08a_set_fifo_wm	24	static
../Drivers/BMI08x-Sensor-API-master/bmi08a.c:1774:8:bmi08a_extract_accel	32	static
../Drivers/BMI08x-Sensor-API-master/bmi08a.c:1801:8:bmi08a_get_fifo_down_sample	24	static
../Drivers/BMI08x-Sensor-API-master/bmi08a.c:1834:8:bmi08a_set_fifo_down_sample	24	static
../Drivers/BMI08x-Sensor-API-master/bmi08a.c:1865:15:null_ptr_check	24	static
../Drivers/BMI08x-Sensor-API-master/bmi08a.c:1886:15:get_regs	64	dynamic
../Drivers/BMI08x-Sensor-API-master/bmi08a.c:1922:15:set_regs	40	static
../Drivers/BMI08x-Sensor-API-master/bmi08a.c:1948:15:set_int_pin_config	24	static
../Drivers/BMI08x-Sensor-API-master/bmi08a.c:2010:15:set_accel_data_ready_int	24	static
../Drivers/BMI08x-Sensor-API-master/bmi08a.c:2061:15:set_accel_sync_data_ready_int	24	static
../Drivers/BMI08x-Sensor-API-master/bmi08a.c:2114:15:set_accel_sync_input	24	static
../Drivers/BMI08x-Sensor-API-master/bmi08a.c:2132:15:set_accel_anymotion_int	24	static
../Drivers/BMI08x-Sensor-API-master/bmi08a.c:2185:15:stream_transfer_write	32	static
../Drivers/BMI08x-Sensor-API-master/bmi08a.c:2211:15:enable_self_test	24	static
../Drivers/BMI08x-Sensor-API-master/bmi08a.c:2248:15:positive_excited_accel	24	static
../Drivers/BMI08x-Sensor-API-master/bmi08a.c:2268:15:negative_excited_accel	24	static
../Drivers/BMI08x-Sensor-API-master/bmi08a.c:2295:15:validate_accel_self_test	32	static
../Drivers/BMI08x-Sensor-API-master/bmi08a.c:2333:13:convert_lsb_g	16	static
../Drivers/BMI08x-Sensor-API-master/bmi08a.c:2350:15:unpack_skipped_frame	24	static
../Drivers/BMI08x-Sensor-API-master/bmi08a.c:2383:13:reset_fifo_frame_structure	16	static
../Drivers/BMI08x-Sensor-API-master/bmi08a.c:2395:13:unpack_accel_data	32	static
../Drivers/BMI08x-Sensor-API-master/bmi08a.c:2427:15:unpack_accel_frame	32	static
../Drivers/BMI08x-Sensor-API-master/bmi08a.c:2480:15:move_next_frame	32	static
../Drivers/BMI08x-Sensor-API-master/bmi08a.c:2507:15:unpack_sensortime_frame	32	static
../Drivers/BMI08x-Sensor-API-master/bmi08a.c:2548:15:extract_acc_header_mode	40	static
../Drivers/BMI08x-Sensor-API-master/bmi08a.c:2642:15:set_fifo_wm_int	24	static
../Drivers/BMI08x-Sensor-API-master/bmi08a.c:2692:15:set_fifo_full_int	24	static
